==================================================
🚀 StarGaze Python Server started successfully!
👉 Server URL: http://localhost:3000
Serving directory: /Users/tungdl/Documents/Test
Logging format: [Time] Method Path → Status (Size)
==================================================

[18:34:25] GET / → 200 (9.48 KB)
[18:34:25] GET /src/ui/app.js → 200 (16.18 KB)
[18:34:46] GET / → 200 (9.48 KB)
[18:34:46] GET /src/styles/main.css → 200 (23.69 KB)
[18:34:46] GET /src/ui/app.js → 200 (16.18 KB)
[18:34:46] GET /src/core/weather-service.js → 200 (7.38 KB)
[18:34:46] GET /src/core/stargazing-score.js → 200 (4.89 KB)
[18:34:46] GET /src/core/poi-service.js → 200 (3.57 KB)
[18:34:46] GET /src/core/reminder-service.js → 200 (4.09 KB)
[18:34:46] GET /src/ui/map-service.js → 200 (4.71 KB)
[18:34:46] GET /src/ui/chart-service.js → 200 (6.56 KB)
[18:34:46] GET /src/ui/sky-map.js → 200 (6.40 KB)
[18:34:46] GET /src/ui/cloud-layer.js → 200 (4.24 KB)
[18:37:25] GET /lib/leaflet.js → 200 (144.09 KB)
[18:37:25] GET /lib/leaflet.css → 200 (14.46 KB)
